powershell : At D:\c .net\Web API 
project\Affiliance\Affiliance\Company_Test_Script.ps1:117 
At line:1 char:55
+ ... ffiliance'; powershell -ExecutionPolicy Bypass -File .\Company_Test_S ...
+                 ~~~~~~~~~~~~~~~~~~~~~~~~~~~~~~~~~~~~~~~~~~~~~~~~~~~~~~~~~
    + CategoryInfo          : NotSpecified: (At D:\c .net\We...Script.ps1:117  
   :String) [], RemoteException
    + FullyQualifiedErrorId : NativeCommandError
 
char:35
+     -Uri "$baseUrl/search?keyword=&page=1&pageSize=10" `
+                                   ~
The ampersand (&) character is not allowed. The & operator is reserved for 
future use; wrap an ampersand in double quotation marks ("&") to pass it as 
part of a string.
At D:\c .net\Web API project\Affiliance\Affiliance\Company_Test_Script.ps1:117 
char:42
+     -Uri "$baseUrl/search?keyword=&page=1&pageSize=10" `
+                                          ~
The ampersand (&) character is not allowed. The & operator is reserved for 
future use; wrap an ampersand in double quotation marks ("&") to pass it as 
part of a string.
At D:\c .net\Web API project\Affiliance\Affiliance\Company_Test_Script.ps1:276 
char:145
+ ... ?â?â?â?â?â?â?â?â?â?â?â?â?â?â?" -ForegroundColor Yellow
+                                                 ~~~~~~~~~~~~~~~~~~~~~~~~~
The string is missing the terminator: ".
    + CategoryInfo          : ParserError: (:) [], ParentContainsErrorRecordEx 
   ception
    + FullyQualifiedErrorId : AmpersandNotAllowed
 
